---
source: dbe_backend/src/value/id/parsing.rs
description: "For Id: 13.5"
---
Simple(
    Const {
        value: Number(
            13.5,
        ),
    },
)
