---
source: dbe_backend/src/value/id/parsing.rs
description: "For Id: unknown"
---
Simple(
    Unknown,
)
