---
source: dbe_backend/src/value/id/parsing.rs
description: "For Id: .e3"
---
invalid input: `.`
