---
source: dbe_backend/src/value/id/parsing.rs
description: "For Id: namespace:id"
---
Simple(
    Object {
        ident: ETypeId(namespace:id),
    },
)
