---
source: dbe_backend/src/value/id/parsing.rs
description: "For Id: name-space:id"
---
unexpected token `name`, expected object id, List, or Map
