---
source: dbe_backend/src/value/id/parsing.rs
description: "For Id: null"
---
Simple(
    Const {
        value: Null,
    },
)
