---
source: dbe_backend/src/value/id/parsing.rs
description: "For Id: 'str'ing'"
---
unexpected token `ing`, expected end of input
