---
source: dbe_backend/src/value/id/parsing.rs
description: "For Id: List<Item=string,>"
---
unexpected token `,`, expected `>` symbol
