---
source: dbe_backend/src/value/id/parsing.rs
description: "For Id: true"
---
Simple(
    Const {
        value: Boolean(
            true,
        ),
    },
)
