---
source: dbe_backend/src/value/id/parsing.rs
description: "For Id: blablabla"
---
unexpected token `blablabla`, expected object id, List, or Map
