---
source: dbe_backend/src/value/id/parsing.rs
description: "For Id: List<Item="
---
unexpected end of input
