---
source: dbe_backend/src/value/id/parsing.rs
description: "For Id: namespace:id<Item=string,>"
---
unexpected token `>`, expected alphanumeric identifier
