---
source: dbe_backend/src/value/id/parsing.rs
description: "For Id: Map<Key=string,Item=number>"
---
Map {
    key: Simple(
        String,
    ),
    value: Simple(
        Number,
    ),
}
