---
source: dbe_backend/src/value/id/parsing.rs
description: "For Id: 'string'"
---
Simple(
    Const {
        value: String(
            u!("string"),
        ),
    },
)
