---
source: dbe_backend/src/value/id/parsing.rs
description: "For Id: 13"
---
Simple(
    Const {
        value: Number(
            13.0,
        ),
    },
)
