---
source: dbe_backend/src/value/id/parsing.rs
description: "For Id: false"
---
Simple(
    Const {
        value: Boolean(
            false,
        ),
    },
)
