---
source: dbe_backend/src/value/id/parsing.rs
description: "For Id: Map"
---
unexpected end of input
