---
source: dbe_backend/src/value/id/parsing.rs
description: "For Id: .3"
---
invalid input: `.`
