---
source: dbe_backend/src/value/id/parsing.rs
description: "For Id: List<string>"
---
unexpected token `string`, expected `Item` identifier
