---
source: dbe_backend/src/value/id/parsing.rs
description: "For Id: 'string"
---
invalid input: `'string`
